Found 1 test(s).
System check identified no issues (0 silenced).
.\venv\Scripts\python.
exe : E
At line:1 char:1
+ .\venv\Scripts\pytho
n.exe manage.py test 
music.tests_cache > 
test_out ...
+ ~~~~~~~~~~~~~~~~~~~~
~~~~~~~~~~~~~~~~~~~~~~
~~~~~~~~~~~~~~~~~~~~~~
~~~~~
    + CategoryInfo    
          : NotSpeci  
  fied: (E:String)    
 [], RemoteExcepti    
on
    + FullyQualifiedE 
   rrorId : NativeCo  
  mmandError
 
======================
======================
======================
====
ERROR: tests_cache (un
ittest.loader._FailedT
est.tests_cache)
----------------------
----------------------
----------------------
----
ImportError: Failed 
to import test 
module: tests_cache
Traceback (most 
recent call last):
  File "C:\Users\USER\
AppData\Local\Programs
\Python\Python312\Lib\
unittest\loader.py", 
line 129, in 
loadTestsFromName
    module = __import_
_(module_name)
             ^^^^^^^^^
^^^^^^^^^^^^^^
  File "C:\Users\USER\
Downloads\rhythm_backe
nd\music\tests_cache.p
y", line 5, in 
<module>
    from 
accounts.models 
import User, Profile
ImportError: cannot 
import name 'Profile' 
from 
'accounts.models' (C:\
Users\USER\Downloads\r
hythm_backend\accounts
\models.py)


----------------------
----------------------
----------------------
----
Ran 1 test in 0.000s

FAILED (errors=1)
